// Vitest Snapshot v1, https://vitest.dev/guide/snapshot.html

exports[`when we measure text > and then a transformation happens > should return this text measurement 1`] = `
{
  "actualBoundingBoxAscent": 10,
  "actualBoundingBoxDescent": 0,
  "actualBoundingBoxLeft": -1,
  "actualBoundingBoxRight": 68.001953125,
  "fontBoundingBoxAscent": 11,
  "fontBoundingBoxDescent": 3,
  "width": 68.619140625,
}
`;

exports[`when we measure text > and then the font is changed > should return this text measurement 1`] = `
{
  "actualBoundingBoxAscent": 10,
  "actualBoundingBoxDescent": 0,
  "actualBoundingBoxLeft": -1,
  "actualBoundingBoxRight": 68.001953125,
  "fontBoundingBoxAscent": 11,
  "fontBoundingBoxDescent": 3,
  "width": 68.619140625,
}
`;

exports[`when we measure text > should return this text measurement 1`] = `
{
  "actualBoundingBoxAscent": 8,
  "actualBoundingBoxDescent": 0,
  "actualBoundingBoxLeft": 0,
  "actualBoundingBoxRight": 56.8349609375,
  "fontBoundingBoxAscent": 9,
  "fontBoundingBoxDescent": 2,
  "width": 57.1826171875,
}
`;
