// Vitest Snapshot v1, https://vitest.dev/guide/snapshot.html

exports[`when we measure text > and then a transformation happens > should return this text measurement 1`] = `
{
  "actualBoundingBoxAscent": 8.63671875,
  "actualBoundingBoxDescent": 0.228515625,
  "actualBoundingBoxLeft": -0.943359375,
  "actualBoundingBoxRight": 61.01953125,
  "fontBoundingBoxAscent": 11,
  "fontBoundingBoxDescent": 3,
  "width": 61.8046875,
}
`;

exports[`when we measure text > and then the font is changed > should return this text measurement 1`] = `
{
  "actualBoundingBoxAscent": 8.63671875,
  "actualBoundingBoxDescent": 0.228515625,
  "actualBoundingBoxLeft": -0.943359375,
  "actualBoundingBoxRight": 61.01953125,
  "fontBoundingBoxAscent": 11,
  "fontBoundingBoxDescent": 3,
  "width": 61.8046875,
}
`;

exports[`when we measure text > should return this text measurement 1`] = `
{
  "actualBoundingBoxAscent": 7.197265625,
  "actualBoundingBoxDescent": 0.1904296875,
  "actualBoundingBoxLeft": -0.7861328125,
  "actualBoundingBoxRight": 50.849609375,
  "fontBoundingBoxAscent": 10,
  "fontBoundingBoxDescent": 2,
  "width": 51.50390625,
}
`;
